<?xml version="1.0" encoding="utf-8"?><testsuites><testsuite name="pytest" errors="0" failures="0" skipped="0" tests="3" time="28.799" timestamp="2025-05-05T18:02:27.861438-04:00" hostname="LAPTOP-9L9P2AI0"><testcase classname="test_e2e.TestOne" name="test_e2e" time="17.686" /><testcase classname="test_home_page.TestHomePage" name="test_form_submission[getdata0]" time="9.059" /><testcase classname="test_home_page.TestHomePage" name="test_form_submission[getdata1]" time="1.903" /></testsuite></testsuites>